
                    Nyquest Technology Co., Ltd.

NYASM 2.26

    ADDR  OPCODE/VALUE              LINE   TAG  SOURCE                   STATEMENT    

                                    1-    1     ;--------------------------------------------------------
                                    1-    2     ; File Created by SDCC : free open source ANSI-C Compiler
                                    1-    3     ; Version 3.7.1 #0 (MSVC)
                                    1-    4     ;--------------------------------------------------------
                                    1-    5     ; NY8A port
                                    1-    6     ;--------------------------------------------------------
                                    1-    7     	.file	"number.c"
                                    1-    8     	list	p=NY8B062D,c=on
                                    1-    9     	#include "ny8b062d.inc"
                                    1-   11     ;--------------------------------------------------------
                                    1-   12     ; external declarations
                                    1-   13     ;--------------------------------------------------------
                                    1-   14     	extern	_PORTAbits
                                    1-   15     	extern	_PORTBbits
                                    1-   16     	extern	_PCONbits
                                    1-   17     	extern	_BWUCONbits
                                    1-   18     	extern	_ABPLCONbits
                                    1-   19     	extern	_BPHCONbits
                                    1-   20     	extern	_INTEbits
                                    1-   21     	extern	_INTFbits
                                    1-   22     	extern	_ADMDbits
                                    1-   23     	extern	_ADRbits
                                    1-   24     	extern	_ADVREFHbits
                                    1-   25     	extern	_ADCRbits
                                    1-   26     	extern	_AWUCONbits
                                    1-   27     	extern	_PACONbits
                                    1-   28     	extern	_INTEDGbits
                                    1-   29     	extern	_ANAENbits
                                    1-   30     	extern	_RFCbits
                                    1-   31     	extern	_INTE2bits
                                    1-   32     	extern	_INDF
                                    1-   33     	extern	_TMR0
                                    1-   34     	extern	_PCL
                                    1-   35     	extern	_STATUS
                                    1-   36     	extern	_FSR
                                    1-   37     	extern	_PORTA
                                    1-   38     	extern	_PORTB
                                    1-   39     	extern	_PCON
                                    1-   40     	extern	_BWUCON
                                    1-   41     	extern	_PCHBUF
                                    1-   42     	extern	_ABPLCON
                                    1-   43     	extern	_BPHCON
                                    1-   44     	extern	_INTE
                                    1-   45     	extern	_INTF
                                    1-   46     	extern	_ADMD
                                    1-   47     	extern	_ADR
                                    1-   48     	extern	_ADD
                                    1-   49     	extern	_ADVREFH
                                    1-   50     	extern	_ADCR
                                    1-   51     	extern	_AWUCON
                                    1-   52     	extern	_PACON
                                    1-   53     	extern	_INTEDG
                                    1-   54     	extern	_TMRH
                                    1-   55     	extern	_ANAEN
                                    1-   56     	extern	_RFC
                                    1-   57     	extern	_TM3RH
                                    1-   58     	extern	_INTE2
                                    1-   59     	extern	_TMR1
                                    1-   60     	extern	_T1CR1
                                    1-   61     	extern	_T1CR2
                                    1-   62     	extern	_PWM1DUTY
                                    1-   63     	extern	_PS1CV
                                    1-   64     	extern	_BZ1CR
                                    1-   65     	extern	_IRCR
                                    1-   66     	extern	_TBHP
                                    1-   67     	extern	_TBHD
                                    1-   68     	extern	_TMR2
                                    1-   69     	extern	_T2CR1
                                    1-   70     	extern	_T2CR2
                                    1-   71     	extern	_PWM2DUTY
                                    1-   72     	extern	_PS2CV
                                    1-   73     	extern	_BZ2CR
                                    1-   74     	extern	_OSCCR
                                    1-   75     	extern	_TMR3
                                    1-   76     	extern	_T3CR1
                                    1-   77     	extern	_T3CR2
                                    1-   78     	extern	_PWM3DUTY
                                    1-   79     	extern	_PS3CV
                                    1-   80     	extern	_BZ3CR
                                    1-   81     	extern	_IOSTA
                                    1-   82     	extern	_IOSTB
                                    1-   83     	extern	_APHCON
                                    1-   84     	extern	_PS0CV
                                    1-   85     	extern	_BODCON
                                    1-   86     	extern	_CMPCR
                                    1-   87     	extern	_PCON1
                                    1-   88     	extern	_T0MD
                                    1-   90     	extern PSAVE
                                    1-   91     	extern SSAVE
                                    1-   92     	extern WSAVE
                                    1-   93     	extern STK04
                                    1-   94     	extern STK03
                                    1-   95     	extern STK02
                                    1-   96     	extern STK01
                                    1-   97     	extern STK00
                                    1-   98     ;--------------------------------------------------------
                                    1-   99     ; global declarations
                                    1-  100     ;--------------------------------------------------------
                                    1-  101     	extern	_delayms
                                    1-  102     	extern	_setInput
                                    1-  103     	extern	_setOutput
                                    1-  104     	extern	_setlowOutput
                                    1-  105     	extern	_setHightOutput
                                    1-  106     	extern	_showNub
                                    1-  107     	extern	_G3
                                    1-  108     	extern	_F3
                                    1-  109     	extern	_E3
                                    1-  110     	extern	_D3
                                    1-  111     	extern	_C3
                                    1-  112     	extern	_B3
                                    1-  113     	extern	_A3
                                    1-  114     	extern	_G2
                                    1-  115     	extern	_F2
                                    1-  116     	extern	_E2
                                    1-  117     	extern	_D2
                                    1-  118     	extern	_C2
                                    1-  119     	extern	_B2
                                    1-  120     	extern	_A2
                                    1-  121     	extern	_C1
                                    1-  122     	extern	_B1
                                    1-  123     	extern	_showBaiwei
                                    1-  124     	extern	_showNubGewei2
                                    1-  125     	extern	_showNubGewei
                                    1-  126     	extern	_showNubShiwei2
                                    1-  127     	extern	_showNubShiwei
                                    1-  129     ;--------------------------------------------------------
                                    1-  130     ; global definitions
                                    1-  131     ;--------------------------------------------------------
                                    1-  132     ;--------------------------------------------------------
                                    1-  133     ; absolute symbol definitions
                                    1-  134     ;--------------------------------------------------------
                                    1-  135     ;--------------------------------------------------------
                                    1-  136     ; compiler-defined variables
                                    1-  137     ;--------------------------------------------------------
                                    1-  138     .segment "uninit"
     0000                           1-  139     r0x100D:
                                    1-  140     	.res	1
                                    1-  141     .segment "uninit"
     0000                           1-  142     r0x100E:
                                    1-  143     	.res	1
                                    1-  144     .segment "uninit"
     0000                           1-  145     r0x100F:
                                    1-  146     	.res	1
                                    1-  147     .segment "uninit"
     0000                           1-  148     r0x100C:
                                    1-  149     	.res	1
                                    1-  150     .segment "uninit"
     0000                           1-  151     r0x1009:
                                    1-  152     	.res	1
                                    1-  153     .segment "uninit"
     0000                           1-  154     r0x100A:
                                    1-  155     	.res	1
                                    1-  156     .segment "uninit"
     0000                           1-  157     r0x100B:
                                    1-  158     	.res	1
                                    1-  159     .segment "uninit"
     0000                           1-  160     r0x1008:
                                    1-  161     	.res	1
                                    1-  162     .segment "uninit"
     0000                           1-  163     r0x1006:
                                    1-  164     	.res	1
                                    1-  165     .segment "uninit"
     0000                           1-  166     r0x1007:
                                    1-  167     	.res	1
                                    1-  168     .segment "uninit"
     0000                           1-  169     r0x1005:
                                    1-  170     	.res	1
                                    1-  171     .segment "uninit"
     0000                           1-  172     r0x1004:
                                    1-  173     	.res	1
                                    1-  174     .segment "uninit"
     0000                           1-  175     r0x1003:
                                    1-  176     	.res	1
                                    1-  177     .segment "uninit"
     0000                           1-  178     r0x1002:
                                    1-  179     	.res	1
                                    1-  180     .segment "uninit"
     0000                           1-  181     r0x1000:
                                    1-  182     	.res	1
                                    1-  183     .segment "uninit"
     0000                           1-  184     r0x1001:
                                    1-  185     	.res	1
                                    1-  186     ;--------------------------------------------------------
                                    1-  187     ; initialized data
                                    1-  188     ;--------------------------------------------------------
                                    1-  189     ;--------------------------------------------------------
                                    1-  190     ; overlayable items in internal ram 
                                    1-  191     ;--------------------------------------------------------
                                    1-  192     ;	udata_ovr
                                    1-  193     ;--------------------------------------------------------
                                    1-  194     ; code
                                    1-  195     ;--------------------------------------------------------
                                    1-  196     ;***
                                    1-  197     ;  pBlock Stats: dbName = C
                                    1-  198     ;***
                                    1-  199     ;has an exit
                                    1-  200     ;2 compiler assigned registers:
                                    1-  201     ;   r0x1000
                                    1-  202     ;   r0x1001
                                    1-  203     ;; Starting pCode block
                                    1-  204     .segment "code"; module=number, function=_delayms
                                    1-  206     ;local variable name mapping:
     0000                           1-  209     _delayms:
                                    1-  210     ; 2 exit points
                                    1-  211     	.line	280, "number.c"; 	void delayms(u8t time)
                                    1-  212     	BANKSEL	r0x1000
     0000 rrrr                      3-   71 m1      .banksel ram_address
     0001 00rr                      1-  213     	MOVAR	r0x1000
                                    1-  214     	.line	282, "number.c"; 	for(u8t i=0;i<time;i++);
                                    1-  215     	BANKSEL	r0x1001
     0002 rrrr                      3-   71 m1      .banksel ram_address
     0003 02rr                      1-  216     	CLRR	r0x1001
     0004                           1-  217     _00339_DS_:
                                    1-  218     	BANKSEL	r0x1000
     0004 rrrr                      3-   71 m1      .banksel ram_address
     0005 01rr                      1-  219     	MOVR	r0x1000,W
                                    1-  220     	BANKSEL	r0x1001
     0006 rrrr                      3-   71 m1      .banksel ram_address
     0007 04rr                      1-  221     	SUBAR	r0x1001,W
     0008 0C03                      1-  222     	BTRSC	STATUS,0
     0009 3rrr                      1-  223     	LGOTO	_00341_DS_
     000A 05rr                      1-  224     	INCR	r0x1001,F
     000B 3rrr                      1-  225     	LGOTO	_00339_DS_
     000C                           1-  226     _00341_DS_:
                                    1-  227     	.line	283, "number.c"; 	}
                                    1-  228     	RETURN	
     000C 0010                      3-   26 m1      ret
                                    1-  229     ; exit point of _delayms
                                    1-  231     ;***
                                    1-  232     ;  pBlock Stats: dbName = C
                                    1-  233     ;***
                                    1-  234     ;has an exit
                                    1-  235     ;1 compiler assigned register :
                                    1-  236     ;   r0x1002
                                    1-  237     ;; Starting pCode block
                                    1-  238     .segment "code"; module=number, function=_setInput
     0000                           1-  240     _setInput:
                                    1-  241     ; 2 exit points
                                    1-  242     	.line	276, "number.c"; 	IOSTA |= 0x1F;		//PA0-PA2设为输入脚
     0000 001r                      1-  243     	IOSTR	_IOSTA
                                    1-  244     	BANKSEL	r0x1002
     0001 rrrr                      3-   71 m1      .banksel ram_address
     0002 00rr                      1-  245     	MOVAR	r0x1002
     0003 211F                      1-  246     	MOVIA	0x1f
     0004 11rr                      1-  247     	IORAR	r0x1002,F
     0005 01rr                      1-  248     	MOVR	r0x1002,W
     0006 000r                      1-  249     	IOST	_IOSTA
                                    1-  250     	.line	277, "number.c"; 	IOSTB |= 0x20;
     0007 001r                      1-  251     	IOSTR	_IOSTB
     0008 00rr                      1-  252     	MOVAR	r0x1002
     0009 1Arr                      1-  253     	BSR	r0x1002,5
     000A 01rr                      1-  254     	MOVR	r0x1002,W
     000B 000r                      1-  255     	IOST	_IOSTB
                                    1-  256     	.line	278, "number.c"; 	}
                                    1-  257     	RETURN	
     000C 0010                      3-   26 m1      ret
                                    1-  258     ; exit point of _setInput
                                    1-  260     ;***
                                    1-  261     ;  pBlock Stats: dbName = C
                                    1-  262     ;***
                                    1-  263     ;has an exit
                                    1-  264     ;1 compiler assigned register :
                                    1-  265     ;   r0x1003
                                    1-  266     ;; Starting pCode block
                                    1-  267     .segment "code"; module=number, function=_setOutput
                                    1-  269     ;local variable name mapping:
     0000                           1-  271     _setOutput:
                                    1-  272     ; 2 exit points
                                    1-  273     	.line	249, "number.c"; 	void setOutput(char outPut)
                                    1-  274     	BANKSEL	r0x1003
     0000 rrrr                      3-   71 m1      .banksel ram_address
     0001 00rr                      1-  275     	MOVAR	r0x1003
                                    1-  276     ;;unsigned compare: left < lit (0x1=1), size=1
                                    1-  277     	.line	251, "number.c"; 	switch(outPut)
     0002 2101                      1-  278     	MOVIA	0x01
     0003 04rr                      1-  279     	SUBAR	r0x1003,W
     0004 0803                      1-  280     	BTRSS	STATUS,0
     0005 3rrr                      1-  281     	LGOTO	_00318_DS_
                                    1-  282     ;;swapping arguments (AOP_TYPEs 1/2)
                                    1-  283     ;;unsigned compare: left >= lit (0x7=7), size=1
     0006 2107                      1-  284     	MOVIA	0x07
     0007 04rr                      1-  285     	SUBAR	r0x1003,W
     0008 0C03                      1-  286     	BTRSC	STATUS,0
     0009 3rrr                      1-  287     	LGOTO	_00318_DS_
     000A 06rr                      1-  288     	DECR	r0x1003,F
     000B 21rr                      1-  289     	MOVIA	((_00328_DS_ >> 8) & 0xff)
     000C 008A                      1-  290     	MOVAR	PCHBUF
     000D 01rr                      1-  291     	MOVR	r0x1003,W
     000E 25rr                      1-  292     	ADDIA	_00328_DS_
     000F 0C03                      1-  293     	BTRSC	STATUS,0
     0010 058A                      1-  294     	INCR	PCHBUF,F
     0011 0082                      1-  295     	MOVAR	PCL
     0012                           1-  296     _00328_DS_:
     0012 3rrr                      1-  297     	LGOTO	_00316_DS_
     0013 3rrr                      1-  298     	LGOTO	_00315_DS_
     0014 3rrr                      1-  299     	LGOTO	_00314_DS_
     0015 3rrr                      1-  300     	LGOTO	_00313_DS_
     0016 3rrr                      1-  301     	LGOTO	_00312_DS_
     0017 3rrr                      1-  302     	LGOTO	_00311_DS_
     0018                           1-  303     _00311_DS_:
                                    1-  304     	.line	254, "number.c"; 	IOSTA &= 0xEF;
     0018 001r                      1-  305     	IOSTR	_IOSTA
                                    1-  306     	BANKSEL	r0x1003
     0019 rrrr                      3-   71 m1      .banksel ram_address
     001A 00rr                      1-  307     	MOVAR	r0x1003
     001B 1Err                      1-  308     	BCR	r0x1003,4
     001C 01rr                      1-  309     	MOVR	r0x1003,W
     001D 000r                      1-  310     	IOST	_IOSTA
                                    1-  311     	.line	255, "number.c"; 	break;
     001E 3rrr                      1-  312     	LGOTO	_00318_DS_
     001F                           1-  313     _00312_DS_:
                                    1-  314     	.line	257, "number.c"; 	IOSTA &= 0xF7;
     001F 001r                      1-  315     	IOSTR	_IOSTA
                                    1-  316     	BANKSEL	r0x1003
     0020 rrrr                      3-   71 m1      .banksel ram_address
     0021 00rr                      1-  317     	MOVAR	r0x1003
     0022 1Drr                      1-  318     	BCR	r0x1003,3
     0023 01rr                      1-  319     	MOVR	r0x1003,W
     0024 000r                      1-  320     	IOST	_IOSTA
                                    1-  321     	.line	258, "number.c"; 	break;
     0025 3rrr                      1-  322     	LGOTO	_00318_DS_
     0026                           1-  323     _00313_DS_:
                                    1-  324     	.line	260, "number.c"; 	IOSTA &= 0xFB;
     0026 001r                      1-  325     	IOSTR	_IOSTA
                                    1-  326     	BANKSEL	r0x1003
     0027 rrrr                      3-   71 m1      .banksel ram_address
     0028 00rr                      1-  327     	MOVAR	r0x1003
     0029 1Drr                      1-  328     	BCR	r0x1003,2
     002A 01rr                      1-  329     	MOVR	r0x1003,W
     002B 000r                      1-  330     	IOST	_IOSTA
                                    1-  331     	.line	261, "number.c"; 	break;
     002C 3rrr                      1-  332     	LGOTO	_00318_DS_
     002D                           1-  333     _00314_DS_:
                                    1-  334     	.line	263, "number.c"; 	IOSTA &= 0xFD;
     002D 001r                      1-  335     	IOSTR	_IOSTA
                                    1-  336     	BANKSEL	r0x1003
     002E rrrr                      3-   71 m1      .banksel ram_address
     002F 00rr                      1-  337     	MOVAR	r0x1003
     0030 1Crr                      1-  338     	BCR	r0x1003,1
     0031 01rr                      1-  339     	MOVR	r0x1003,W
     0032 000r                      1-  340     	IOST	_IOSTA
                                    1-  341     	.line	264, "number.c"; 	break;
     0033 3rrr                      1-  342     	LGOTO	_00318_DS_
     0034                           1-  343     _00315_DS_:
                                    1-  344     	.line	266, "number.c"; 	IOSTA &= 0xFE;
     0034 001r                      1-  345     	IOSTR	_IOSTA
                                    1-  346     	BANKSEL	r0x1003
     0035 rrrr                      3-   71 m1      .banksel ram_address
     0036 00rr                      1-  347     	MOVAR	r0x1003
     0037 1Crr                      1-  348     	BCR	r0x1003,0
     0038 01rr                      1-  349     	MOVR	r0x1003,W
     0039 000r                      1-  350     	IOST	_IOSTA
                                    1-  351     	.line	267, "number.c"; 	break;
     003A 3rrr                      1-  352     	LGOTO	_00318_DS_
     003B                           1-  353     _00316_DS_:
                                    1-  354     	.line	269, "number.c"; 	IOSTB &= 0xDF;
     003B 001r                      1-  355     	IOSTR	_IOSTB
                                    1-  356     	BANKSEL	r0x1003
     003C rrrr                      3-   71 m1      .banksel ram_address
     003D 00rr                      1-  357     	MOVAR	r0x1003
     003E 1Err                      1-  358     	BCR	r0x1003,5
     003F 01rr                      1-  359     	MOVR	r0x1003,W
     0040 000r                      1-  360     	IOST	_IOSTB
     0041                           1-  361     _00318_DS_:
                                    1-  362     	.line	272, "number.c"; 	}
                                    1-  363     	RETURN	
     0041 0010                      3-   26 m1      ret
                                    1-  364     ; exit point of _setOutput
                                    1-  366     ;***
                                    1-  367     ;  pBlock Stats: dbName = C
                                    1-  368     ;***
                                    1-  369     ;has an exit
                                    1-  370     ;1 compiler assigned register :
                                    1-  371     ;   r0x1004
                                    1-  372     ;; Starting pCode block
                                    1-  373     .segment "code"; module=number, function=_setlowOutput
                                    1-  375     ;local variable name mapping:
     0000                           1-  377     _setlowOutput:
                                    1-  378     ; 2 exit points
                                    1-  379     	.line	223, "number.c"; 	void setlowOutput(char outPut)
                                    1-  380     	BANKSEL	r0x1004
     0000 rrrr                      3-   71 m1      .banksel ram_address
     0001 00rr                      1-  381     	MOVAR	r0x1004
                                    1-  382     ;;unsigned compare: left < lit (0x1=1), size=1
                                    1-  383     	.line	225, "number.c"; 	switch(outPut)
     0002 2101                      1-  384     	MOVIA	0x01
     0003 04rr                      1-  385     	SUBAR	r0x1004,W
     0004 0803                      1-  386     	BTRSS	STATUS,0
     0005 3rrr                      1-  387     	LGOTO	_00296_DS_
                                    1-  388     ;;swapping arguments (AOP_TYPEs 1/2)
                                    1-  389     ;;unsigned compare: left >= lit (0x7=7), size=1
     0006 2107                      1-  390     	MOVIA	0x07
     0007 04rr                      1-  391     	SUBAR	r0x1004,W
     0008 0C03                      1-  392     	BTRSC	STATUS,0
     0009 3rrr                      1-  393     	LGOTO	_00296_DS_
     000A 06rr                      1-  394     	DECR	r0x1004,F
     000B 21rr                      1-  395     	MOVIA	((_00306_DS_ >> 8) & 0xff)
     000C 008A                      1-  396     	MOVAR	PCHBUF
     000D 01rr                      1-  397     	MOVR	r0x1004,W
     000E 25rr                      1-  398     	ADDIA	_00306_DS_
     000F 0C03                      1-  399     	BTRSC	STATUS,0
     0010 058A                      1-  400     	INCR	PCHBUF,F
     0011 0082                      1-  401     	MOVAR	PCL
     0012                           1-  402     _00306_DS_:
     0012 3rrr                      1-  403     	LGOTO	_00294_DS_
     0013 3rrr                      1-  404     	LGOTO	_00293_DS_
     0014 3rrr                      1-  405     	LGOTO	_00292_DS_
     0015 3rrr                      1-  406     	LGOTO	_00291_DS_
     0016 3rrr                      1-  407     	LGOTO	_00290_DS_
     0017 3rrr                      1-  408     	LGOTO	_00289_DS_
     0018                           1-  409     _00289_DS_:
                                    1-  410     	.line	228, "number.c"; 	PORTA &= 0xEF;
     0018 1Err                      1-  411     	BCR	_PORTA,4
                                    1-  412     	.line	229, "number.c"; 	break;
     0019 3rrr                      1-  413     	LGOTO	_00296_DS_
     001A                           1-  414     _00290_DS_:
                                    1-  415     	.line	231, "number.c"; 	PORTA &= 0xF7;
     001A 1Drr                      1-  416     	BCR	_PORTA,3
                                    1-  417     	.line	232, "number.c"; 	break;
     001B 3rrr                      1-  418     	LGOTO	_00296_DS_
     001C                           1-  419     _00291_DS_:
                                    1-  420     	.line	234, "number.c"; 	PORTA &= 0xFB;
     001C 1Drr                      1-  421     	BCR	_PORTA,2
                                    1-  422     	.line	235, "number.c"; 	break;
     001D 3rrr                      1-  423     	LGOTO	_00296_DS_
     001E                           1-  424     _00292_DS_:
                                    1-  425     	.line	237, "number.c"; 	PORTA &= 0xFD;
     001E 1Crr                      1-  426     	BCR	_PORTA,1
                                    1-  427     	.line	238, "number.c"; 	break;
     001F 3rrr                      1-  428     	LGOTO	_00296_DS_
     0020                           1-  429     _00293_DS_:
                                    1-  430     	.line	240, "number.c"; 	PORTA &= 0xFE;
     0020 1Crr                      1-  431     	BCR	_PORTA,0
                                    1-  432     	.line	241, "number.c"; 	break;
     0021 3rrr                      1-  433     	LGOTO	_00296_DS_
     0022                           1-  434     _00294_DS_:
                                    1-  435     	.line	243, "number.c"; 	PORTB &=  0xDF;
     0022 1Err                      1-  436     	BCR	_PORTB,5
     0023                           1-  437     _00296_DS_:
                                    1-  438     	.line	246, "number.c"; 	}
                                    1-  439     	RETURN	
     0023 0010                      3-   26 m1      ret
                                    1-  440     ; exit point of _setlowOutput
                                    1-  442     ;***
                                    1-  443     ;  pBlock Stats: dbName = C
                                    1-  444     ;***
                                    1-  445     ;has an exit
                                    1-  446     ;1 compiler assigned register :
                                    1-  447     ;   r0x1005
                                    1-  448     ;; Starting pCode block
                                    1-  449     .segment "code"; module=number, function=_setHightOutput
                                    1-  451     ;local variable name mapping:
     0000                           1-  453     _setHightOutput:
                                    1-  454     ; 2 exit points
                                    1-  455     	.line	197, "number.c"; 	void setHightOutput(char outPut)
                                    1-  456     	BANKSEL	r0x1005
     0000 rrrr                      3-   71 m1      .banksel ram_address
     0001 00rr                      1-  457     	MOVAR	r0x1005
                                    1-  458     ;;unsigned compare: left < lit (0x1=1), size=1
                                    1-  459     	.line	199, "number.c"; 	switch(outPut)
     0002 2101                      1-  460     	MOVIA	0x01
     0003 04rr                      1-  461     	SUBAR	r0x1005,W
     0004 0803                      1-  462     	BTRSS	STATUS,0
     0005 3rrr                      1-  463     	LGOTO	_00274_DS_
                                    1-  464     ;;swapping arguments (AOP_TYPEs 1/2)
                                    1-  465     ;;unsigned compare: left >= lit (0x7=7), size=1
     0006 2107                      1-  466     	MOVIA	0x07
     0007 04rr                      1-  467     	SUBAR	r0x1005,W
     0008 0C03                      1-  468     	BTRSC	STATUS,0
     0009 3rrr                      1-  469     	LGOTO	_00274_DS_
     000A 06rr                      1-  470     	DECR	r0x1005,F
     000B 21rr                      1-  471     	MOVIA	((_00284_DS_ >> 8) & 0xff)
     000C 008A                      1-  472     	MOVAR	PCHBUF
     000D 01rr                      1-  473     	MOVR	r0x1005,W
     000E 25rr                      1-  474     	ADDIA	_00284_DS_
     000F 0C03                      1-  475     	BTRSC	STATUS,0
     0010 058A                      1-  476     	INCR	PCHBUF,F
     0011 0082                      1-  477     	MOVAR	PCL
     0012                           1-  478     _00284_DS_:
     0012 3rrr                      1-  479     	LGOTO	_00267_DS_
     0013 3rrr                      1-  480     	LGOTO	_00272_DS_
     0014 3rrr                      1-  481     	LGOTO	_00271_DS_
     0015 3rrr                      1-  482     	LGOTO	_00270_DS_
     0016 3rrr                      1-  483     	LGOTO	_00269_DS_
     0017 3rrr                      1-  484     	LGOTO	_00268_DS_
     0018                           1-  485     _00267_DS_:
                                    1-  486     	.line	202, "number.c"; 	PORTB |= 0x20;
     0018 1Arr                      1-  487     	BSR	_PORTB,5
                                    1-  488     	.line	203, "number.c"; 	break;
     0019 3rrr                      1-  489     	LGOTO	_00274_DS_
     001A                           1-  490     _00268_DS_:
                                    1-  491     	.line	205, "number.c"; 	PORTA |= 0x10;
     001A 1Arr                      1-  492     	BSR	_PORTA,4
                                    1-  493     	.line	206, "number.c"; 	break;
     001B 3rrr                      1-  494     	LGOTO	_00274_DS_
     001C                           1-  495     _00269_DS_:
                                    1-  496     	.line	208, "number.c"; 	PORTA |= 0x08;
     001C 19rr                      1-  497     	BSR	_PORTA,3
                                    1-  498     	.line	209, "number.c"; 	break;
     001D 3rrr                      1-  499     	LGOTO	_00274_DS_
     001E                           1-  500     _00270_DS_:
                                    1-  501     	.line	211, "number.c"; 	PORTA |= 0x04;
     001E 19rr                      1-  502     	BSR	_PORTA,2
                                    1-  503     	.line	212, "number.c"; 	break;
     001F 3rrr                      1-  504     	LGOTO	_00274_DS_
     0020                           1-  505     _00271_DS_:
                                    1-  506     	.line	214, "number.c"; 	PORTA |= 0x02;
     0020 18rr                      1-  507     	BSR	_PORTA,1
                                    1-  508     	.line	215, "number.c"; 	break;
     0021 3rrr                      1-  509     	LGOTO	_00274_DS_
     0022                           1-  510     _00272_DS_:
                                    1-  511     	.line	217, "number.c"; 	PORTA |= 0x01;
     0022 18rr                      1-  512     	BSR	_PORTA,0
     0023                           1-  513     _00274_DS_:
                                    1-  514     	.line	220, "number.c"; 	}
                                    1-  515     	RETURN	
     0023 0010                      3-   26 m1      ret
                                    1-  516     ; exit point of _setHightOutput
                                    1-  518     ;***
                                    1-  519     ;  pBlock Stats: dbName = C
                                    1-  520     ;***
                                    1-  521     ;has an exit
                                    1-  522     ;functions called:
                                    1-  523     ;   _setInput
                                    1-  524     ;   _setOutput
                                    1-  525     ;   _setHightOutput
                                    1-  526     ;   _setOutput
                                    1-  527     ;   _setlowOutput
                                    1-  528     ;   _delayms
                                    1-  529     ;   _setInput
                                    1-  530     ;   _setOutput
                                    1-  531     ;   _setHightOutput
                                    1-  532     ;   _setOutput
                                    1-  533     ;   _setlowOutput
                                    1-  534     ;   _delayms
                                    1-  535     ;3 compiler assigned registers:
                                    1-  536     ;   r0x1006
                                    1-  537     ;   STK00
                                    1-  538     ;   r0x1007
                                    1-  539     ;; Starting pCode block
                                    1-  540     .segment "code"; module=number, function=_showNub
                                    1-  542     ;local variable name mapping:
     0000                           1-  545     _showNub:
                                    1-  546     ; 2 exit points
                                    1-  547     	.line	181, "number.c"; 	void showNub(char hight,char low)
                                    1-  548     	BANKSEL	r0x1006
     0000 rrrr                      3-   71 m1      .banksel ram_address
     0001 00rr                      1-  549     	MOVAR	r0x1006
     0002 01rr                      1-  550     	MOVR	STK00,W
                                    1-  551     	BANKSEL	r0x1007
     0003 rrrr                      3-   71 m1      .banksel ram_address
     0004 00rr                      1-  552     	MOVAR	r0x1007
                                    1-  553     	.line	183, "number.c"; 	setInput();
     0005 2rrr                      1-  554     	LCALL	_setInput
                                    1-  555     	.line	184, "number.c"; 	PORTA &= 0xE0;		
     0006 21E0                      1-  556     	MOVIA	0xe0
     0007 10rr                      1-  557     	ANDAR	_PORTA,F
                                    1-  558     	.line	185, "number.c"; 	PORTB &= 0xDF;
     0008 1Err                      1-  559     	BCR	_PORTB,5
                                    1-  560     	.line	186, "number.c"; 	setOutput(hight);	//设置输出方向
                                    1-  561     	BANKSEL	r0x1006
     0009 rrrr                      3-   71 m1      .banksel ram_address
     000A 01rr                      1-  562     	MOVR	r0x1006,W
     000B 2rrr                      1-  563     	LCALL	_setOutput
                                    1-  564     	.line	187, "number.c"; 	setHightOutput(hight);
                                    1-  565     	BANKSEL	r0x1006
     000C rrrr                      3-   71 m1      .banksel ram_address
     000D 01rr                      1-  566     	MOVR	r0x1006,W
     000E 2rrr                      1-  567     	LCALL	_setHightOutput
                                    1-  568     	.line	188, "number.c"; 	setOutput(low);		//设置输出方向
                                    1-  569     	BANKSEL	r0x1007
     000F rrrr                      3-   71 m1      .banksel ram_address
     0010 01rr                      1-  570     	MOVR	r0x1007,W
     0011 2rrr                      1-  571     	LCALL	_setOutput
                                    1-  572     	.line	189, "number.c"; 	setlowOutput(low);
                                    1-  573     	BANKSEL	r0x1007
     0012 rrrr                      3-   71 m1      .banksel ram_address
     0013 01rr                      1-  574     	MOVR	r0x1007,W
     0014 2rrr                      1-  575     	LCALL	_setlowOutput
                                    1-  576     	.line	190, "number.c"; 	delayms(10);
     0015 210A                      1-  577     	MOVIA	0x0a
     0016 2rrr                      1-  578     	LCALL	_delayms
                                    1-  579     	.line	191, "number.c"; 	CLRWDT(); 
     0017 0002                      1-  580     	clrwdt
                                    1-  581     	.line	192, "number.c"; 	PORTA &= 0xE0;	
     0018 21E0                      1-  582     	MOVIA	0xe0
     0019 10rr                      1-  583     	ANDAR	_PORTA,F
                                    1-  584     	.line	193, "number.c"; 	PORTB &= 0xDF;
     001A 1Err                      1-  585     	BCR	_PORTB,5
                                    1-  586     	.line	194, "number.c"; 	}
                                    1-  587     	RETURN	
     001B 0010                      3-   26 m1      ret
                                    1-  588     ; exit point of _showNub
                                    1-  590     ;***
                                    1-  591     ;  pBlock Stats: dbName = C
                                    1-  592     ;***
                                    1-  593     ;has an exit
                                    1-  594     ;functions called:
                                    1-  595     ;   _showNub
                                    1-  596     ;   _showNub
                                    1-  597     ;1 compiler assigned register :
                                    1-  598     ;   STK00
                                    1-  599     ;; Starting pCode block
                                    1-  600     .segment "code"; module=number, function=_G3
     0000                           1-  602     _G3:
                                    1-  603     ; 2 exit points
                                    1-  604     	.line	177, "number.c"; 	showNub(5,1);
     0000 2101                      1-  605     	MOVIA	0x01
     0001 00rr                      1-  606     	MOVAR	STK00
     0002 2105                      1-  607     	MOVIA	0x05
     0003 2rrr                      1-  608     	LCALL	_showNub
                                    1-  609     	.line	178, "number.c"; 	}
                                    1-  610     	RETURN	
     0004 0010                      3-   26 m1      ret
                                    1-  611     ; exit point of _G3
                                    1-  613     ;***
                                    1-  614     ;  pBlock Stats: dbName = C
                                    1-  615     ;***
                                    1-  616     ;has an exit
                                    1-  617     ;functions called:
                                    1-  618     ;   _showNub
                                    1-  619     ;   _showNub
                                    1-  620     ;1 compiler assigned register :
                                    1-  621     ;   STK00
                                    1-  622     ;; Starting pCode block
                                    1-  623     .segment "code"; module=number, function=_F3
     0000                           1-  625     _F3:
                                    1-  626     ; 2 exit points
                                    1-  627     	.line	172, "number.c"; 	showNub(5,6);
     0000 2106                      1-  628     	MOVIA	0x06
     0001 00rr                      1-  629     	MOVAR	STK00
     0002 2105                      1-  630     	MOVIA	0x05
     0003 2rrr                      1-  631     	LCALL	_showNub
                                    1-  632     	.line	173, "number.c"; 	}
                                    1-  633     	RETURN	
     0004 0010                      3-   26 m1      ret
                                    1-  634     ; exit point of _F3
                                    1-  636     ;***
                                    1-  637     ;  pBlock Stats: dbName = C
                                    1-  638     ;***
                                    1-  639     ;has an exit
                                    1-  640     ;functions called:
                                    1-  641     ;   _showNub
                                    1-  642     ;   _showNub
                                    1-  643     ;1 compiler assigned register :
                                    1-  644     ;   STK00
                                    1-  645     ;; Starting pCode block
                                    1-  646     .segment "code"; module=number, function=_E3
     0000                           1-  648     _E3:
                                    1-  649     ; 2 exit points
                                    1-  650     	.line	167, "number.c"; 	showNub(6,4);
     0000 2104                      1-  651     	MOVIA	0x04
     0001 00rr                      1-  652     	MOVAR	STK00
     0002 2106                      1-  653     	MOVIA	0x06
     0003 2rrr                      1-  654     	LCALL	_showNub
                                    1-  655     	.line	168, "number.c"; 	}
                                    1-  656     	RETURN	
     0004 0010                      3-   26 m1      ret
                                    1-  657     ; exit point of _E3
                                    1-  659     ;***
                                    1-  660     ;  pBlock Stats: dbName = C
                                    1-  661     ;***
                                    1-  662     ;has an exit
                                    1-  663     ;functions called:
                                    1-  664     ;   _showNub
                                    1-  665     ;   _showNub
                                    1-  666     ;1 compiler assigned register :
                                    1-  667     ;   STK00
                                    1-  668     ;; Starting pCode block
                                    1-  669     .segment "code"; module=number, function=_D3
     0000                           1-  671     _D3:
                                    1-  672     ; 2 exit points
                                    1-  673     	.line	162, "number.c"; 	showNub(4,6);
     0000 2106                      1-  674     	MOVIA	0x06
     0001 00rr                      1-  675     	MOVAR	STK00
     0002 2104                      1-  676     	MOVIA	0x04
     0003 2rrr                      1-  677     	LCALL	_showNub
                                    1-  678     	.line	163, "number.c"; 	}
                                    1-  679     	RETURN	
     0004 0010                      3-   26 m1      ret
                                    1-  680     ; exit point of _D3
                                    1-  682     ;***
                                    1-  683     ;  pBlock Stats: dbName = C
                                    1-  684     ;***
                                    1-  685     ;has an exit
                                    1-  686     ;functions called:
                                    1-  687     ;   _showNub
                                    1-  688     ;   _showNub
                                    1-  689     ;1 compiler assigned register :
                                    1-  690     ;   STK00
                                    1-  691     ;; Starting pCode block
                                    1-  692     .segment "code"; module=number, function=_C3
     0000                           1-  694     _C3:
                                    1-  695     ; 2 exit points
                                    1-  696     	.line	157, "number.c"; 	showNub(6,5);
     0000 2105                      1-  697     	MOVIA	0x05
     0001 00rr                      1-  698     	MOVAR	STK00
     0002 2106                      1-  699     	MOVIA	0x06
     0003 2rrr                      1-  700     	LCALL	_showNub
                                    1-  701     	.line	158, "number.c"; 	}
                                    1-  702     	RETURN	
     0004 0010                      3-   26 m1      ret
                                    1-  703     ; exit point of _C3
                                    1-  705     ;***
                                    1-  706     ;  pBlock Stats: dbName = C
                                    1-  707     ;***
                                    1-  708     ;has an exit
                                    1-  709     ;functions called:
                                    1-  710     ;   _showNub
                                    1-  711     ;   _showNub
                                    1-  712     ;1 compiler assigned register :
                                    1-  713     ;   STK00
                                    1-  714     ;; Starting pCode block
                                    1-  715     .segment "code"; module=number, function=_B3
     0000                           1-  717     _B3:
                                    1-  718     ; 2 exit points
                                    1-  719     	.line	152, "number.c"; 	showNub(6,3);
     0000 2103                      1-  720     	MOVIA	0x03
     0001 00rr                      1-  721     	MOVAR	STK00
     0002 2106                      1-  722     	MOVIA	0x06
     0003 2rrr                      1-  723     	LCALL	_showNub
                                    1-  724     	.line	153, "number.c"; 	}
                                    1-  725     	RETURN	
     0004 0010                      3-   26 m1      ret
                                    1-  726     ; exit point of _B3
                                    1-  728     ;***
                                    1-  729     ;  pBlock Stats: dbName = C
                                    1-  730     ;***
                                    1-  731     ;has an exit
                                    1-  732     ;functions called:
                                    1-  733     ;   _showNub
                                    1-  734     ;   _showNub
                                    1-  735     ;1 compiler assigned register :
                                    1-  736     ;   STK00
                                    1-  737     ;; Starting pCode block
                                    1-  738     .segment "code"; module=number, function=_A3
     0000                           1-  740     _A3:
                                    1-  741     ; 2 exit points
                                    1-  742     	.line	147, "number.c"; 	showNub(6,1);
     0000 2101                      1-  743     	MOVIA	0x01
     0001 00rr                      1-  744     	MOVAR	STK00
     0002 2106                      1-  745     	MOVIA	0x06
     0003 2rrr                      1-  746     	LCALL	_showNub
                                    1-  747     	.line	148, "number.c"; 	}
                                    1-  748     	RETURN	
     0004 0010                      3-   26 m1      ret
                                    1-  749     ; exit point of _A3
                                    1-  751     ;***
                                    1-  752     ;  pBlock Stats: dbName = C
                                    1-  753     ;***
                                    1-  754     ;has an exit
                                    1-  755     ;functions called:
                                    1-  756     ;   _showNub
                                    1-  757     ;   _showNub
                                    1-  758     ;1 compiler assigned register :
                                    1-  759     ;   STK00
                                    1-  760     ;; Starting pCode block
                                    1-  761     .segment "code"; module=number, function=_G2
     0000                           1-  763     _G2:
                                    1-  764     ; 2 exit points
                                    1-  765     	.line	142, "number.c"; 	showNub(3,5);
     0000 2105                      1-  766     	MOVIA	0x05
     0001 00rr                      1-  767     	MOVAR	STK00
     0002 2103                      1-  768     	MOVIA	0x03
     0003 2rrr                      1-  769     	LCALL	_showNub
                                    1-  770     	.line	143, "number.c"; 	}
                                    1-  771     	RETURN	
     0004 0010                      3-   26 m1      ret
                                    1-  772     ; exit point of _G2
                                    1-  774     ;***
                                    1-  775     ;  pBlock Stats: dbName = C
                                    1-  776     ;***
                                    1-  777     ;has an exit
                                    1-  778     ;functions called:
                                    1-  779     ;   _showNub
                                    1-  780     ;   _showNub
                                    1-  781     ;1 compiler assigned register :
                                    1-  782     ;   STK00
                                    1-  783     ;; Starting pCode block
                                    1-  784     .segment "code"; module=number, function=_F2
     0000                           1-  786     _F2:
                                    1-  787     ; 2 exit points
                                    1-  788     	.line	137, "number.c"; 	showNub(3,4);
     0000 2104                      1-  789     	MOVIA	0x04
     0001 00rr                      1-  790     	MOVAR	STK00
     0002 2103                      1-  791     	MOVIA	0x03
     0003 2rrr                      1-  792     	LCALL	_showNub
                                    1-  793     	.line	138, "number.c"; 	}
                                    1-  794     	RETURN	
     0004 0010                      3-   26 m1      ret
                                    1-  795     ; exit point of _F2
                                    1-  797     ;***
                                    1-  798     ;  pBlock Stats: dbName = C
                                    1-  799     ;***
                                    1-  800     ;has an exit
                                    1-  801     ;functions called:
                                    1-  802     ;   _showNub
                                    1-  803     ;   _showNub
                                    1-  804     ;1 compiler assigned register :
                                    1-  805     ;   STK00
                                    1-  806     ;; Starting pCode block
                                    1-  807     .segment "code"; module=number, function=_E2
     0000                           1-  809     _E2:
                                    1-  810     ; 2 exit points
                                    1-  811     	.line	132, "number.c"; 	showNub(3,6);
     0000 2106                      1-  812     	MOVIA	0x06
     0001 00rr                      1-  813     	MOVAR	STK00
     0002 2103                      1-  814     	MOVIA	0x03
     0003 2rrr                      1-  815     	LCALL	_showNub
                                    1-  816     	.line	133, "number.c"; 	}
                                    1-  817     	RETURN	
     0004 0010                      3-   26 m1      ret
                                    1-  818     ; exit point of _E2
                                    1-  820     ;***
                                    1-  821     ;  pBlock Stats: dbName = C
                                    1-  822     ;***
                                    1-  823     ;has an exit
                                    1-  824     ;functions called:
                                    1-  825     ;   _showNub
                                    1-  826     ;   _showNub
                                    1-  827     ;1 compiler assigned register :
                                    1-  828     ;   STK00
                                    1-  829     ;; Starting pCode block
                                    1-  830     .segment "code"; module=number, function=_D2
     0000                           1-  832     _D2:
                                    1-  833     ; 2 exit points
                                    1-  834     	.line	127, "number.c"; 	showNub(4,3);
     0000 2103                      1-  835     	MOVIA	0x03
     0001 00rr                      1-  836     	MOVAR	STK00
     0002 2104                      1-  837     	MOVIA	0x04
     0003 2rrr                      1-  838     	LCALL	_showNub
                                    1-  839     	.line	128, "number.c"; 	}
                                    1-  840     	RETURN	
     0004 0010                      3-   26 m1      ret
                                    1-  841     ; exit point of _D2
                                    1-  843     ;***
                                    1-  844     ;  pBlock Stats: dbName = C
                                    1-  845     ;***
                                    1-  846     ;has an exit
                                    1-  847     ;functions called:
                                    1-  848     ;   _showNub
                                    1-  849     ;   _showNub
                                    1-  850     ;1 compiler assigned register :
                                    1-  851     ;   STK00
                                    1-  852     ;; Starting pCode block
                                    1-  853     .segment "code"; module=number, function=_C2
     0000                           1-  855     _C2:
                                    1-  856     ; 2 exit points
                                    1-  857     	.line	122, "number.c"; 	showNub(5,4);
     0000 2104                      1-  858     	MOVIA	0x04
     0001 00rr                      1-  859     	MOVAR	STK00
     0002 2105                      1-  860     	MOVIA	0x05
     0003 2rrr                      1-  861     	LCALL	_showNub
                                    1-  862     	.line	123, "number.c"; 	}
                                    1-  863     	RETURN	
     0004 0010                      3-   26 m1      ret
                                    1-  864     ; exit point of _C2
                                    1-  866     ;***
                                    1-  867     ;  pBlock Stats: dbName = C
                                    1-  868     ;***
                                    1-  869     ;has an exit
                                    1-  870     ;functions called:
                                    1-  871     ;   _showNub
                                    1-  872     ;   _showNub
                                    1-  873     ;1 compiler assigned register :
                                    1-  874     ;   STK00
                                    1-  875     ;; Starting pCode block
                                    1-  876     .segment "code"; module=number, function=_B2
     0000                           1-  878     _B2:
                                    1-  879     ; 2 exit points
                                    1-  880     	.line	117, "number.c"; 	showNub(5,3);
     0000 2103                      1-  881     	MOVIA	0x03
     0001 00rr                      1-  882     	MOVAR	STK00
     0002 2105                      1-  883     	MOVIA	0x05
     0003 2rrr                      1-  884     	LCALL	_showNub
                                    1-  885     	.line	118, "number.c"; 	}
                                    1-  886     	RETURN	
     0004 0010                      3-   26 m1      ret
                                    1-  887     ; exit point of _B2
                                    1-  889     ;***
                                    1-  890     ;  pBlock Stats: dbName = C
                                    1-  891     ;***
                                    1-  892     ;has an exit
                                    1-  893     ;functions called:
                                    1-  894     ;   _showNub
                                    1-  895     ;   _showNub
                                    1-  896     ;1 compiler assigned register :
                                    1-  897     ;   STK00
                                    1-  898     ;; Starting pCode block
                                    1-  899     .segment "code"; module=number, function=_A2
     0000                           1-  901     _A2:
                                    1-  902     ; 2 exit points
                                    1-  903     	.line	112, "number.c"; 	showNub(4,5);
     0000 2105                      1-  904     	MOVIA	0x05
     0001 00rr                      1-  905     	MOVAR	STK00
     0002 2104                      1-  906     	MOVIA	0x04
     0003 2rrr                      1-  907     	LCALL	_showNub
                                    1-  908     	.line	113, "number.c"; 	}
                                    1-  909     	RETURN	
     0004 0010                      3-   26 m1      ret
                                    1-  910     ; exit point of _A2
                                    1-  912     ;***
                                    1-  913     ;  pBlock Stats: dbName = C
                                    1-  914     ;***
                                    1-  915     ;has an exit
                                    1-  916     ;functions called:
                                    1-  917     ;   _showNub
                                    1-  918     ;   _showNub
                                    1-  919     ;1 compiler assigned register :
                                    1-  920     ;   STK00
                                    1-  921     ;; Starting pCode block
                                    1-  922     .segment "code"; module=number, function=_C1
     0000                           1-  924     _C1:
                                    1-  925     ; 2 exit points
                                    1-  926     	.line	107, "number.c"; 	showNub(2,5);
     0000 2105                      1-  927     	MOVIA	0x05
     0001 00rr                      1-  928     	MOVAR	STK00
     0002 2102                      1-  929     	MOVIA	0x02
     0003 2rrr                      1-  930     	LCALL	_showNub
                                    1-  931     	.line	108, "number.c"; 	}
                                    1-  932     	RETURN	
     0004 0010                      3-   26 m1      ret
                                    1-  933     ; exit point of _C1
                                    1-  935     ;***
                                    1-  936     ;  pBlock Stats: dbName = C
                                    1-  937     ;***
                                    1-  938     ;has an exit
                                    1-  939     ;functions called:
                                    1-  940     ;   _showNub
                                    1-  941     ;   _showNub
                                    1-  942     ;1 compiler assigned register :
                                    1-  943     ;   STK00
                                    1-  944     ;; Starting pCode block
                                    1-  945     .segment "code"; module=number, function=_B1
     0000                           1-  947     _B1:
                                    1-  948     ; 2 exit points
                                    1-  949     	.line	102, "number.c"; 	showNub(4,2);
     0000 2102                      1-  950     	MOVIA	0x02
     0001 00rr                      1-  951     	MOVAR	STK00
     0002 2104                      1-  952     	MOVIA	0x04
     0003 2rrr                      1-  953     	LCALL	_showNub
                                    1-  954     	.line	103, "number.c"; 	}
                                    1-  955     	RETURN	
     0004 0010                      3-   26 m1      ret
                                    1-  956     ; exit point of _B1
                                    1-  958     ;***
                                    1-  959     ;  pBlock Stats: dbName = C
                                    1-  960     ;***
                                    1-  961     ;has an exit
                                    1-  962     ;functions called:
                                    1-  963     ;   _B1
                                    1-  964     ;   _C1
                                    1-  965     ;   _B1
                                    1-  966     ;   _C1
                                    1-  967     ;; Starting pCode block
                                    1-  968     .segment "code"; module=number, function=_showBaiwei
     0000                           1-  970     _showBaiwei:
                                    1-  971     ; 2 exit points
                                    1-  972     	.line	95, "number.c"; 	B1();
     0000 2rrr                      1-  973     	LCALL	_B1
                                    1-  974     	.line	96, "number.c"; 	C1();
     0001 2rrr                      1-  975     	LCALL	_C1
                                    1-  976     	.line	97, "number.c"; 	}
                                    1-  977     	RETURN	
     0002 0010                      3-   26 m1      ret
                                    1-  978     ; exit point of _showBaiwei
                                    1-  980     ;***
                                    1-  981     ;  pBlock Stats: dbName = C
                                    1-  982     ;***
                                    1-  983     ;has an exit
                                    1-  984     ;functions called:
                                    1-  985     ;   _A3
                                    1-  986     ;   _B3
                                    1-  987     ;   _C3
                                    1-  988     ;   _D3
                                    1-  989     ;   _E3
                                    1-  990     ;   _F3
                                    1-  991     ;   _G3
                                    1-  992     ;   _A3
                                    1-  993     ;   _B3
                                    1-  994     ;   _C3
                                    1-  995     ;   _D3
                                    1-  996     ;   _E3
                                    1-  997     ;   _F3
                                    1-  998     ;   _G3
                                    1-  999     ;1 compiler assigned register :
                                    1- 1000     ;   r0x1008
                                    1- 1001     ;; Starting pCode block
                                    1- 1002     .segment "code"; module=number, function=_showNubGewei2
                                    1- 1004     ;local variable name mapping:
     0000                           1- 1006     _showNubGewei2:
                                    1- 1007     ; 2 exit points
                                    1- 1008     	.line	64, "number.c"; 	void showNubGewei2(char index)
                                    1- 1009     	BANKSEL	r0x1008
     0000 rrrr                      3-   71 m1      .banksel ram_address
     0001 00rr                      1- 1010     	MOVAR	r0x1008
                                    1- 1011     ;;swapping arguments (AOP_TYPEs 1/2)
                                    1- 1012     ;;unsigned compare: left >= lit (0x7=7), size=1
                                    1- 1013     	.line	66, "number.c"; 	switch(index)
     0002 2107                      1- 1014     	MOVIA	0x07
     0003 04rr                      1- 1015     	SUBAR	r0x1008,W
     0004 0C03                      1- 1016     	BTRSC	STATUS,0
     0005 3rrr                      1- 1017     	LGOTO	_00184_DS_
     0006 21rr                      1- 1018     	MOVIA	((_00190_DS_ >> 8) & 0xff)
     0007 008A                      1- 1019     	MOVAR	PCHBUF
     0008 01rr                      1- 1020     	MOVR	r0x1008,W
     0009 25rr                      1- 1021     	ADDIA	_00190_DS_
     000A 0C03                      1- 1022     	BTRSC	STATUS,0
     000B 058A                      1- 1023     	INCR	PCHBUF,F
     000C 0082                      1- 1024     	MOVAR	PCL
     000D                           1- 1025     _00190_DS_:
     000D 3rrr                      1- 1026     	LGOTO	_00176_DS_
     000E 3rrr                      1- 1027     	LGOTO	_00177_DS_
     000F 3rrr                      1- 1028     	LGOTO	_00178_DS_
     0010 3rrr                      1- 1029     	LGOTO	_00179_DS_
     0011 3rrr                      1- 1030     	LGOTO	_00180_DS_
     0012 3rrr                      1- 1031     	LGOTO	_00181_DS_
     0013 3rrr                      1- 1032     	LGOTO	_00182_DS_
     0014                           1- 1033     _00176_DS_:
                                    1- 1034     	.line	69, "number.c"; 	A3();
     0014 2rrr                      1- 1035     	LCALL	_A3
                                    1- 1036     	.line	70, "number.c"; 	break;
     0015 3rrr                      1- 1037     	LGOTO	_00184_DS_
     0016                           1- 1038     _00177_DS_:
                                    1- 1039     	.line	72, "number.c"; 	B3();
     0016 2rrr                      1- 1040     	LCALL	_B3
                                    1- 1041     	.line	73, "number.c"; 	break;
     0017 3rrr                      1- 1042     	LGOTO	_00184_DS_
     0018                           1- 1043     _00178_DS_:
                                    1- 1044     	.line	75, "number.c"; 	C3();
     0018 2rrr                      1- 1045     	LCALL	_C3
                                    1- 1046     	.line	76, "number.c"; 	break;
     0019 3rrr                      1- 1047     	LGOTO	_00184_DS_
     001A                           1- 1048     _00179_DS_:
                                    1- 1049     	.line	78, "number.c"; 	D3();
     001A 2rrr                      1- 1050     	LCALL	_D3
                                    1- 1051     	.line	79, "number.c"; 	break;
     001B 3rrr                      1- 1052     	LGOTO	_00184_DS_
     001C                           1- 1053     _00180_DS_:
                                    1- 1054     	.line	81, "number.c"; 	E3();
     001C 2rrr                      1- 1055     	LCALL	_E3
                                    1- 1056     	.line	82, "number.c"; 	break;
     001D 3rrr                      1- 1057     	LGOTO	_00184_DS_
     001E                           1- 1058     _00181_DS_:
                                    1- 1059     	.line	84, "number.c"; 	F3();
     001E 2rrr                      1- 1060     	LCALL	_F3
                                    1- 1061     	.line	85, "number.c"; 	break;
     001F 3rrr                      1- 1062     	LGOTO	_00184_DS_
     0020                           1- 1063     _00182_DS_:
                                    1- 1064     	.line	87, "number.c"; 	G3();
     0020 2rrr                      1- 1065     	LCALL	_G3
     0021                           1- 1066     _00184_DS_:
                                    1- 1067     	.line	90, "number.c"; 	}
                                    1- 1068     	RETURN	
     0021 0010                      3-   26 m1      ret
                                    1- 1069     ; exit point of _showNubGewei2
                                    1- 1071     ;***
                                    1- 1072     ;  pBlock Stats: dbName = C
                                    1- 1073     ;***
                                    1- 1074     ;has an exit
                                    1- 1075     ;functions called:
                                    1- 1076     ;   _showNubGewei2
                                    1- 1077     ;   _setInput
                                    1- 1078     ;   _showNubGewei2
                                    1- 1079     ;   _setInput
                                    1- 1080     ;3 compiler assigned registers:
                                    1- 1081     ;   r0x1009
                                    1- 1082     ;   r0x100A
                                    1- 1083     ;   r0x100B
                                    1- 1084     ;; Starting pCode block
                                    1- 1085     .segment "code"; module=number, function=_showNubGewei
                                    1- 1087     ;local variable name mapping:
     0000                           1- 1090     _showNubGewei:
                                    1- 1091     ; 2 exit points
                                    1- 1092     	.line	52, "number.c"; 	void showNubGewei(char num)
                                    1- 1093     	BANKSEL	r0x1009
     0000 rrrr                      3-   71 m1      .banksel ram_address
     0001 00rr                      1- 1094     	MOVAR	r0x1009
                                    1- 1095     	.line	54, "number.c"; 	for(char i=0;i<7;i++)
                                    1- 1096     	BANKSEL	r0x100A
     0002 rrrr                      3-   71 m1      .banksel ram_address
     0003 02rr                      1- 1097     	CLRR	r0x100A
                                    1- 1098     ;;unsigned compare: left < lit (0x7=7), size=1
     0004                           1- 1099     _00155_DS_:
     0004 2107                      1- 1100     	MOVIA	0x07
                                    1- 1101     	BANKSEL	r0x100A
     0005 rrrr                      3-   71 m1      .banksel ram_address
     0006 04rr                      1- 1102     	SUBAR	r0x100A,W
     0007 0C03                      1- 1103     	BTRSC	STATUS,0
     0008 3rrr                      1- 1104     	LGOTO	_00157_DS_
                                    1- 1105     	.line	56, "number.c"; 	if((num >> i) & 0x01)
                                    1- 1106     	BANKSEL	r0x1009
     0009 rrrr                      3-   71 m1      .banksel ram_address
     000A 01rr                      1- 1107     	MOVR	r0x1009,W
                                    1- 1108     	BANKSEL	r0x100B
     000B rrrr                      3-   71 m1      .banksel ram_address
     000C 00rr                      1- 1109     	MOVAR	r0x100B
                                    1- 1110     	BANKSEL	r0x100A
     000D rrrr                      3-   71 m1      .banksel ram_address
     000E 01rr                      1- 1111     	MOVR	r0x100A,W
     000F 2700                      1- 1112     	SUBIA	0x00
     0010 0D03                      1- 1113     	BTRSC	STATUS,2
     0011 3rrr                      1- 1114     	LGOTO	_00171_DS_
     0012                           1- 1115     _00170_DS_:
                                    1- 1116     	BANKSEL	r0x100B
     0012 rrrr                      3-   71 m1      .banksel ram_address
     0013 13rr                      1- 1117     	RRR	r0x100B,F
     0014 2501                      1- 1118     	ADDIA	0x01
     0015 0803                      1- 1119     	BTRSS	STATUS,0
     0016 3rrr                      1- 1120     	LGOTO	_00170_DS_
     0017                           1- 1121     _00171_DS_:
                                    1- 1122     	BANKSEL	r0x100B
     0017 rrrr                      3-   71 m1      .banksel ram_address
     0018 08rr                      1- 1123     	BTRSS	r0x100B,0
     0019 3rrr                      1- 1124     	LGOTO	_00151_DS_
                                    1- 1125     	.line	57, "number.c"; 	showNubGewei2(i);
                                    1- 1126     	BANKSEL	r0x100A
     001A rrrr                      3-   71 m1      .banksel ram_address
     001B 01rr                      1- 1127     	MOVR	r0x100A,W
     001C 2rrr                      1- 1128     	LCALL	_showNubGewei2
     001D 3rrr                      1- 1129     	LGOTO	_00156_DS_
     001E                           1- 1130     _00151_DS_:
                                    1- 1131     	.line	59, "number.c"; 	setInput();
     001E 2rrr                      1- 1132     	LCALL	_setInput
     001F                           1- 1133     _00156_DS_:
                                    1- 1134     	.line	54, "number.c"; 	for(char i=0;i<7;i++)
                                    1- 1135     	BANKSEL	r0x100A
     001F rrrr                      3-   71 m1      .banksel ram_address
     0020 05rr                      1- 1136     	INCR	r0x100A,F
     0021 3rrr                      1- 1137     	LGOTO	_00155_DS_
     0022                           1- 1138     _00157_DS_:
                                    1- 1139     	.line	61, "number.c"; 	}
                                    1- 1140     	RETURN	
     0022 0010                      3-   26 m1      ret
                                    1- 1141     ; exit point of _showNubGewei
                                    1- 1143     ;***
                                    1- 1144     ;  pBlock Stats: dbName = C
                                    1- 1145     ;***
                                    1- 1146     ;has an exit
                                    1- 1147     ;functions called:
                                    1- 1148     ;   _A2
                                    1- 1149     ;   _B2
                                    1- 1150     ;   _C2
                                    1- 1151     ;   _D2
                                    1- 1152     ;   _E2
                                    1- 1153     ;   _F2
                                    1- 1154     ;   _G2
                                    1- 1155     ;   _A2
                                    1- 1156     ;   _B2
                                    1- 1157     ;   _C2
                                    1- 1158     ;   _D2
                                    1- 1159     ;   _E2
                                    1- 1160     ;   _F2
                                    1- 1161     ;   _G2
                                    1- 1162     ;1 compiler assigned register :
                                    1- 1163     ;   r0x100C
                                    1- 1164     ;; Starting pCode block
                                    1- 1165     .segment "code"; module=number, function=_showNubShiwei2
                                    1- 1167     ;local variable name mapping:
     0000                           1- 1169     _showNubShiwei2:
                                    1- 1170     ; 2 exit points
                                    1- 1171     	.line	24, "number.c"; 	void showNubShiwei2(char index)
                                    1- 1172     	BANKSEL	r0x100C
     0000 rrrr                      3-   71 m1      .banksel ram_address
     0001 00rr                      1- 1173     	MOVAR	r0x100C
                                    1- 1174     ;;swapping arguments (AOP_TYPEs 1/2)
                                    1- 1175     ;;unsigned compare: left >= lit (0x7=7), size=1
                                    1- 1176     	.line	26, "number.c"; 	switch(index)
     0002 2107                      1- 1177     	MOVIA	0x07
     0003 04rr                      1- 1178     	SUBAR	r0x100C,W
     0004 0C03                      1- 1179     	BTRSC	STATUS,0
     0005 3rrr                      1- 1180     	LGOTO	_00139_DS_
     0006 21rr                      1- 1181     	MOVIA	((_00145_DS_ >> 8) & 0xff)
     0007 008A                      1- 1182     	MOVAR	PCHBUF
     0008 01rr                      1- 1183     	MOVR	r0x100C,W
     0009 25rr                      1- 1184     	ADDIA	_00145_DS_
     000A 0C03                      1- 1185     	BTRSC	STATUS,0
     000B 058A                      1- 1186     	INCR	PCHBUF,F
     000C 0082                      1- 1187     	MOVAR	PCL
     000D                           1- 1188     _00145_DS_:
     000D 3rrr                      1- 1189     	LGOTO	_00131_DS_
     000E 3rrr                      1- 1190     	LGOTO	_00132_DS_
     000F 3rrr                      1- 1191     	LGOTO	_00133_DS_
     0010 3rrr                      1- 1192     	LGOTO	_00134_DS_
     0011 3rrr                      1- 1193     	LGOTO	_00135_DS_
     0012 3rrr                      1- 1194     	LGOTO	_00136_DS_
     0013 3rrr                      1- 1195     	LGOTO	_00137_DS_
     0014                           1- 1196     _00131_DS_:
                                    1- 1197     	.line	29, "number.c"; 	A2();
     0014 2rrr                      1- 1198     	LCALL	_A2
                                    1- 1199     	.line	30, "number.c"; 	break;
     0015 3rrr                      1- 1200     	LGOTO	_00139_DS_
     0016                           1- 1201     _00132_DS_:
                                    1- 1202     	.line	32, "number.c"; 	B2();
     0016 2rrr                      1- 1203     	LCALL	_B2
                                    1- 1204     	.line	33, "number.c"; 	break;
     0017 3rrr                      1- 1205     	LGOTO	_00139_DS_
     0018                           1- 1206     _00133_DS_:
                                    1- 1207     	.line	35, "number.c"; 	C2();
     0018 2rrr                      1- 1208     	LCALL	_C2
                                    1- 1209     	.line	36, "number.c"; 	break;
     0019 3rrr                      1- 1210     	LGOTO	_00139_DS_
     001A                           1- 1211     _00134_DS_:
                                    1- 1212     	.line	38, "number.c"; 	D2();
     001A 2rrr                      1- 1213     	LCALL	_D2
                                    1- 1214     	.line	39, "number.c"; 	break;
     001B 3rrr                      1- 1215     	LGOTO	_00139_DS_
     001C                           1- 1216     _00135_DS_:
                                    1- 1217     	.line	41, "number.c"; 	E2();
     001C 2rrr                      1- 1218     	LCALL	_E2
                                    1- 1219     	.line	42, "number.c"; 	break;
     001D 3rrr                      1- 1220     	LGOTO	_00139_DS_
     001E                           1- 1221     _00136_DS_:
                                    1- 1222     	.line	44, "number.c"; 	F2();
     001E 2rrr                      1- 1223     	LCALL	_F2
                                    1- 1224     	.line	45, "number.c"; 	break;
     001F 3rrr                      1- 1225     	LGOTO	_00139_DS_
     0020                           1- 1226     _00137_DS_:
                                    1- 1227     	.line	47, "number.c"; 	G2();
     0020 2rrr                      1- 1228     	LCALL	_G2
     0021                           1- 1229     _00139_DS_:
                                    1- 1230     	.line	50, "number.c"; 	}
                                    1- 1231     	RETURN	
     0021 0010                      3-   26 m1      ret
                                    1- 1232     ; exit point of _showNubShiwei2
                                    1- 1234     ;***
                                    1- 1235     ;  pBlock Stats: dbName = C
                                    1- 1236     ;***
                                    1- 1237     ;has an exit
                                    1- 1238     ;functions called:
                                    1- 1239     ;   _showNubShiwei2
                                    1- 1240     ;   _setInput
                                    1- 1241     ;   _showNubShiwei2
                                    1- 1242     ;   _setInput
                                    1- 1243     ;3 compiler assigned registers:
                                    1- 1244     ;   r0x100D
                                    1- 1245     ;   r0x100E
                                    1- 1246     ;   r0x100F
                                    1- 1247     ;; Starting pCode block
                                    1- 1248     .segment "code"; module=number, function=_showNubShiwei
                                    1- 1250     ;local variable name mapping:
     0000                           1- 1253     _showNubShiwei:
                                    1- 1254     ; 2 exit points
                                    1- 1255     	.line	12, "number.c"; 	void showNubShiwei(char num)
                                    1- 1256     	BANKSEL	r0x100D
     0000 rrrr                      3-   71 m1      .banksel ram_address
     0001 00rr                      1- 1257     	MOVAR	r0x100D
                                    1- 1258     	.line	14, "number.c"; 	for(char i=0;i<7;i++)
                                    1- 1259     	BANKSEL	r0x100E
     0002 rrrr                      3-   71 m1      .banksel ram_address
     0003 02rr                      1- 1260     	CLRR	r0x100E
                                    1- 1261     ;;unsigned compare: left < lit (0x7=7), size=1
     0004                           1- 1262     _00110_DS_:
     0004 2107                      1- 1263     	MOVIA	0x07
                                    1- 1264     	BANKSEL	r0x100E
     0005 rrrr                      3-   71 m1      .banksel ram_address
     0006 04rr                      1- 1265     	SUBAR	r0x100E,W
     0007 0C03                      1- 1266     	BTRSC	STATUS,0
     0008 3rrr                      1- 1267     	LGOTO	_00112_DS_
                                    1- 1268     	.line	16, "number.c"; 	if((num >> i) & 0x01)
                                    1- 1269     	BANKSEL	r0x100D
     0009 rrrr                      3-   71 m1      .banksel ram_address
     000A 01rr                      1- 1270     	MOVR	r0x100D,W
                                    1- 1271     	BANKSEL	r0x100F
     000B rrrr                      3-   71 m1      .banksel ram_address
     000C 00rr                      1- 1272     	MOVAR	r0x100F
                                    1- 1273     	BANKSEL	r0x100E
     000D rrrr                      3-   71 m1      .banksel ram_address
     000E 01rr                      1- 1274     	MOVR	r0x100E,W
     000F 2700                      1- 1275     	SUBIA	0x00
     0010 0D03                      1- 1276     	BTRSC	STATUS,2
     0011 3rrr                      1- 1277     	LGOTO	_00126_DS_
     0012                           1- 1278     _00125_DS_:
                                    1- 1279     	BANKSEL	r0x100F
     0012 rrrr                      3-   71 m1      .banksel ram_address
     0013 13rr                      1- 1280     	RRR	r0x100F,F
     0014 2501                      1- 1281     	ADDIA	0x01
     0015 0803                      1- 1282     	BTRSS	STATUS,0
     0016 3rrr                      1- 1283     	LGOTO	_00125_DS_
     0017                           1- 1284     _00126_DS_:
                                    1- 1285     	BANKSEL	r0x100F
     0017 rrrr                      3-   71 m1      .banksel ram_address
     0018 08rr                      1- 1286     	BTRSS	r0x100F,0
     0019 3rrr                      1- 1287     	LGOTO	_00106_DS_
                                    1- 1288     	.line	17, "number.c"; 	showNubShiwei2(i);
                                    1- 1289     	BANKSEL	r0x100E
     001A rrrr                      3-   71 m1      .banksel ram_address
     001B 01rr                      1- 1290     	MOVR	r0x100E,W
     001C 2rrr                      1- 1291     	LCALL	_showNubShiwei2
     001D 3rrr                      1- 1292     	LGOTO	_00111_DS_
     001E                           1- 1293     _00106_DS_:
                                    1- 1294     	.line	19, "number.c"; 	setInput();
     001E 2rrr                      1- 1295     	LCALL	_setInput
     001F                           1- 1296     _00111_DS_:
                                    1- 1297     	.line	14, "number.c"; 	for(char i=0;i<7;i++)
                                    1- 1298     	BANKSEL	r0x100E
     001F rrrr                      3-   71 m1      .banksel ram_address
     0020 05rr                      1- 1299     	INCR	r0x100E,F
     0021 3rrr                      1- 1300     	LGOTO	_00110_DS_
     0022                           1- 1301     _00112_DS_:
                                    1- 1302     	.line	21, "number.c"; 	}
                                    1- 1303     	RETURN	
     0022 0010                      3-   26 m1      ret
                                    1- 1304     ; exit point of _showNubShiwei
                                    1- 1307     ;	code size estimation:
                                    1- 1308     ;	  370+   42 =   412 instructions (  908 byte)
                                    1- 1310     	end
                                    1- 1310     	end

SYMBOL TABLE            TYPE     VALUE
__CHECKSUM_ADDR__       Label    00000000
__PIN_COUNT__           Constant 0000000E
__PROCESSOR__           Constant 00810623
_00106_DS_              Label    0000001E
_00110_DS_              Label    00000004
_00111_DS_              Label    0000001F
_00112_DS_              Label    00000022
_00125_DS_              Label    00000012
_00126_DS_              Label    00000017
_00131_DS_              Label    00000014
_00132_DS_              Label    00000016
_00133_DS_              Label    00000018
_00134_DS_              Label    0000001A
_00135_DS_              Label    0000001C
_00136_DS_              Label    0000001E
_00137_DS_              Label    00000020
_00139_DS_              Label    00000021
_00145_DS_              Label    0000000D
_00151_DS_              Label    0000001E
_00155_DS_              Label    00000004
_00156_DS_              Label    0000001F
_00157_DS_              Label    00000022
_00170_DS_              Label    00000012
_00171_DS_              Label    00000017
_00176_DS_              Label    00000014
_00177_DS_              Label    00000016
_00178_DS_              Label    00000018
_00179_DS_              Label    0000001A
_00180_DS_              Label    0000001C
_00181_DS_              Label    0000001E
_00182_DS_              Label    00000020
_00184_DS_              Label    00000021
_00190_DS_              Label    0000000D
_00267_DS_              Label    00000018
_00268_DS_              Label    0000001A
_00269_DS_              Label    0000001C
_00270_DS_              Label    0000001E
_00271_DS_              Label    00000020
_00272_DS_              Label    00000022
_00274_DS_              Label    00000023
_00284_DS_              Label    00000012
_00289_DS_              Label    00000018
_00290_DS_              Label    0000001A
_00291_DS_              Label    0000001C
_00292_DS_              Label    0000001E
_00293_DS_              Label    00000020
_00294_DS_              Label    00000022
_00296_DS_              Label    00000023
_00306_DS_              Label    00000012
_00311_DS_              Label    00000018
_00312_DS_              Label    0000001F
_00313_DS_              Label    00000026
_00314_DS_              Label    0000002D
_00315_DS_              Label    00000034
_00316_DS_              Label    0000003B
_00318_DS_              Label    00000041
_00328_DS_              Label    00000012
_00339_DS_              Label    00000004
_00341_DS_              Label    0000000C
_A2                     Label    00000000
_A3                     Label    00000000
_ABPLCON                Label    00000000
_ABPLCONbits            Label    00000000
_ADCR                   Label    00000000
_ADCRbits               Label    00000000
_ADD                    Label    00000000
_ADMD                   Label    00000000
_ADMDbits               Label    00000000
_ADR                    Label    00000000
_ADRbits                Label    00000000
_ADVREFH                Label    00000000
_ADVREFHbits            Label    00000000
_ANAEN                  Label    00000000
_ANAENbits              Label    00000000
_APHCON                 Label    00000000
_AWUCON                 Label    00000000
_AWUCONbits             Label    00000000
_B1                     Label    00000000
_B2                     Label    00000000
_B3                     Label    00000000
_BODCON                 Label    00000000
_BPHCON                 Label    00000000
_BPHCONbits             Label    00000000
_BWUCON                 Label    00000000
_BWUCONbits             Label    00000000
_BZ1CR                  Label    00000000
_BZ2CR                  Label    00000000
_BZ3CR                  Label    00000000
_C1                     Label    00000000
_C2                     Label    00000000
_C3                     Label    00000000
_CMPCR                  Label    00000000
_D2                     Label    00000000
_D3                     Label    00000000
_delayms                Label    00000000
_E2                     Label    00000000
_E3                     Label    00000000
_F2                     Label    00000000
_F3                     Label    00000000
_FSR                    Label    00000000
_G2                     Label    00000000
_G3                     Label    00000000
_INDF                   Label    00000000
_INTE                   Label    00000000
_INTE2                  Label    00000000
_INTE2bits              Label    00000000
_INTEbits               Label    00000000
_INTEDG                 Label    00000000
_INTEDGbits             Label    00000000
_INTF                   Label    00000000
_INTFbits               Label    00000000
_IOSTA                  Label    00000000
_IOSTB                  Label    00000000
_IRCR                   Label    00000000
_OSCCR                  Label    00000000
_PACON                  Label    00000000
_PACONbits              Label    00000000
_PCHBUF                 Label    00000000
_PCL                    Label    00000000
_PCON                   Label    00000000
_PCON1                  Label    00000000
_PCONbits               Label    00000000
_PORTA                  Label    00000000
_PORTAbits              Label    00000000
_PORTB                  Label    00000000
_PORTBbits              Label    00000000
_PS0CV                  Label    00000000
_PS1CV                  Label    00000000
_PS2CV                  Label    00000000
_PS3CV                  Label    00000000
_PWM1DUTY               Label    00000000
_PWM2DUTY               Label    00000000
_PWM3DUTY               Label    00000000
_RFC                    Label    00000000
_RFCbits                Label    00000000
_setHightOutput         Label    00000000
_setInput               Label    00000000
_setlowOutput           Label    00000000
_setOutput              Label    00000000
_showBaiwei             Label    00000000
_showNub                Label    00000000
_showNubGewei           Label    00000000
_showNubGewei2          Label    00000000
_showNubShiwei          Label    00000000
_showNubShiwei2         Label    00000000
_STATUS                 Label    00000000
_T0MD                   Label    00000000
_T1CR1                  Label    00000000
_T1CR2                  Label    00000000
_T2CR1                  Label    00000000
_T2CR2                  Label    00000000
_T3CR1                  Label    00000000
_T3CR2                  Label    00000000
_TBHD                   Label    00000000
_TBHP                   Label    00000000
_TM3RH                  Label    00000000
_TMR0                   Label    00000000
_TMR1                   Label    00000000
_TMR2                   Label    00000000
_TMR3                   Label    00000000
_TMRH                   Label    00000000
ENABLE_RAM_BANK         Constant 00000001
F                       Constant 00000001
FSR                     Constant 00000004
INDF                    Constant 00000000
PCHBUF                  Constant 0000000A
PCL                     Constant 00000002
PSAVE                   Label    00000000
r0x1000                 Label    00000000
r0x1001                 Label    00000000
r0x1002                 Label    00000000
r0x1003                 Label    00000000
r0x1004                 Label    00000000
r0x1005                 Label    00000000
r0x1006                 Label    00000000
r0x1007                 Label    00000000
r0x1008                 Label    00000000
r0x1009                 Label    00000000
r0x100A                 Label    00000000
r0x100B                 Label    00000000
r0x100C                 Label    00000000
r0x100D                 Label    00000000
r0x100E                 Label    00000000
r0x100F                 Label    00000000
SSAVE                   Label    00000000
STATUS                  Constant 00000003
STK00                   Label    00000000
STK01                   Label    00000000
STK02                   Label    00000000
STK03                   Label    00000000
STK04                   Label    00000000
W                       Constant 00000000
WSAVE                   Label    00000000


SOURCE FILE TABLE
001 number.s
002 ny8b062d.inc
003 common.inc
004 number.c

PROCESSOR    = NY8B062D (8 bits)
PROGRAM ROM  = 0x00000000 - 0x000007FF
DATA ROM     = 0x00000000 - 0x000007FF
RESERVED MEM = 0x00000800 - 0x00000810
SRAM / SFR   = 0x00000000 - 0x00000000
